Archive member included to satisfy reference by file (symbol)

/home/pokitoz/Desktop/DE0_SoC_LedRing/sw/nios/application/Display_Segment_bsp//libhal_bsp.a(alt_load.o)
                              /home/pokitoz/Desktop/DE0_SoC_LedRing/sw/nios/application/Display_Segment_bsp//obj/HAL/src/crt0.o (alt_load)
/home/pokitoz/Desktop/DE0_SoC_LedRing/sw/nios/application/Display_Segment_bsp//libhal_bsp.a(alt_main.o)
                              /home/pokitoz/Desktop/DE0_SoC_LedRing/sw/nios/application/Display_Segment_bsp//obj/HAL/src/crt0.o (alt_main)
/home/pokitoz/Desktop/DE0_SoC_LedRing/sw/nios/application/Display_Segment_bsp//libhal_bsp.a(alt_putstr.o)
                              obj/default/hello_world_small.o (alt_putstr)
/home/pokitoz/Desktop/DE0_SoC_LedRing/sw/nios/application/Display_Segment_bsp//libhal_bsp.a(alt_sys_init.o)
                              /home/pokitoz/Desktop/DE0_SoC_LedRing/sw/nios/application/Display_Segment_bsp//libhal_bsp.a(alt_main.o) (alt_irq_init)
/home/pokitoz/Desktop/DE0_SoC_LedRing/sw/nios/application/Display_Segment_bsp//libhal_bsp.a(altera_avalon_jtag_uart_write.o)
                              /home/pokitoz/Desktop/DE0_SoC_LedRing/sw/nios/application/Display_Segment_bsp//libhal_bsp.a(alt_putstr.o) (altera_avalon_jtag_uart_write)
/home/pokitoz/Desktop/DE0_SoC_LedRing/sw/nios/application/Display_Segment_bsp//libhal_bsp.a(alt_dcache_flush_all.o)
                              /home/pokitoz/Desktop/DE0_SoC_LedRing/sw/nios/application/Display_Segment_bsp//libhal_bsp.a(alt_load.o) (alt_dcache_flush_all)
/home/pokitoz/Desktop/DE0_SoC_LedRing/sw/nios/application/Display_Segment_bsp//libhal_bsp.a(alt_icache_flush_all.o)
                              /home/pokitoz/Desktop/DE0_SoC_LedRing/sw/nios/application/Display_Segment_bsp//libhal_bsp.a(alt_load.o) (alt_icache_flush_all)
/home/pokitoz/Desktop/DE0_SoC_LedRing/sw/nios/application/Display_Segment_bsp//libhal_bsp.a(altera_nios2_gen2_irq.o)
                              /home/pokitoz/Desktop/DE0_SoC_LedRing/sw/nios/application/Display_Segment_bsp//libhal_bsp.a(alt_sys_init.o) (altera_nios2_gen2_irq_init)
/home/pokitoz/altera/15.1/nios2eds/bin/gnu/H-x86_64-pc-linux-gnu/bin/../lib/gcc/nios2-elf/4.9.2/../../../../../H-x86_64-pc-linux-gnu/nios2-elf/lib/mno-hw-mul/libsmallc.a(lib_a-strlen.o)
                              /home/pokitoz/Desktop/DE0_SoC_LedRing/sw/nios/application/Display_Segment_bsp//libhal_bsp.a(alt_putstr.o) (strlen)

Memory Configuration

Name             Origin             Length             Attributes
reset            0x0000000000004000 0x0000000000000020
onchip_memory2_0 0x0000000000004020 0x0000000000003fe0
*default*        0x0000000000000000 0xffffffffffffffff

Linker script and memory map

LOAD /home/pokitoz/Desktop/DE0_SoC_LedRing/sw/nios/application/Display_Segment_bsp//obj/HAL/src/crt0.o
LOAD obj/default/hello_world_small.o
LOAD /home/pokitoz/altera/15.1/nios2eds/bin/gnu/H-x86_64-pc-linux-gnu/bin/../lib/gcc/nios2-elf/4.9.2/../../../../../H-x86_64-pc-linux-gnu/nios2-elf/lib/mno-hw-mul/libstdc++.a
LOAD /home/pokitoz/altera/15.1/nios2eds/bin/gnu/H-x86_64-pc-linux-gnu/bin/../lib/gcc/nios2-elf/4.9.2/../../../../../H-x86_64-pc-linux-gnu/nios2-elf/lib/mno-hw-mul/libm.a
LOAD /home/pokitoz/altera/15.1/nios2eds/bin/gnu/H-x86_64-pc-linux-gnu/bin/../lib/gcc/nios2-elf/4.9.2/mno-hw-mul/libgcc.a
START GROUP
LOAD /home/pokitoz/altera/15.1/nios2eds/bin/gnu/H-x86_64-pc-linux-gnu/bin/../lib/gcc/nios2-elf/4.9.2/../../../../../H-x86_64-pc-linux-gnu/nios2-elf/lib/mno-hw-mul/libsmallc.a
LOAD /home/pokitoz/altera/15.1/nios2eds/bin/gnu/H-x86_64-pc-linux-gnu/bin/../lib/gcc/nios2-elf/4.9.2/mno-hw-mul/libgcc.a
LOAD /home/pokitoz/Desktop/DE0_SoC_LedRing/sw/nios/application/Display_Segment_bsp//libhal_bsp.a
LOAD /home/pokitoz/altera/15.1/nios2eds/bin/gnu/H-x86_64-pc-linux-gnu/bin/../lib/gcc/nios2-elf/4.9.2/../../../../../H-x86_64-pc-linux-gnu/nios2-elf/lib/mno-hw-mul/libm.a
END GROUP
LOAD /home/pokitoz/altera/15.1/nios2eds/bin/gnu/H-x86_64-pc-linux-gnu/bin/../lib/gcc/nios2-elf/4.9.2/mno-hw-mul/libgcc.a
                0x0000000000004000                __alt_mem_onchip_memory2_0 = 0x4000

.entry          0x0000000000004000       0x20
 *(.entry)
 .entry         0x0000000000004000       0x20 /home/pokitoz/Desktop/DE0_SoC_LedRing/sw/nios/application/Display_Segment_bsp//obj/HAL/src/crt0.o
                0x0000000000004000                __reset
                0x000000000000400c                _exit

.exceptions     0x0000000000004020        0x0
                0x0000000000004020                PROVIDE (__ram_exceptions_start, ABSOLUTE (.))
                0x0000000000004020                . = ALIGN (0x20)
 *(.irq)
 *(.exceptions.entry.label)
 *(.exceptions.entry.user)
 *(.exceptions.entry.ecc_fatal)
 *(.exceptions.entry)
 *(.exceptions.irqtest.user)
 *(.exceptions.irqtest)
 *(.exceptions.irqhandler.user)
 *(.exceptions.irqhandler)
 *(.exceptions.irqreturn.user)
 *(.exceptions.irqreturn)
 *(.exceptions.notirq.label)
 *(.exceptions.notirq.user)
 *(.exceptions.notirq)
 *(.exceptions.soft.user)
 *(.exceptions.soft)
 *(.exceptions.unknown.user)
 *(.exceptions.unknown)
 *(.exceptions.exit.label)
 *(.exceptions.exit.user)
 *(.exceptions.exit)
 *(.exceptions)
                0x0000000000004020                PROVIDE (__ram_exceptions_end, ABSOLUTE (.))
                0x0000000000004020                PROVIDE (__flash_exceptions_start, LOADADDR (.exceptions))

.text           0x0000000000004020      0x234
                0x0000000000004020                PROVIDE (stext, ABSOLUTE (.))
 *(.interp)
 *(.hash)
 *(.dynsym)
 *(.dynstr)
 *(.gnu.version)
 *(.gnu.version_d)
 *(.gnu.version_r)
 *(.rel.init)
 *(.rela.init)
 *(.rel.text .rel.text.* .rel.gnu.linkonce.t.*)
 *(.rela.text .rela.text.* .rela.gnu.linkonce.t.*)
 *(.rel.fini)
 *(.rela.fini)
 *(.rel.rodata .rel.rodata.* .rel.gnu.linkonce.r.*)
 *(.rela.rodata .rela.rodata.* .rela.gnu.linkonce.r.*)
 *(.rel.data .rel.data.* .rel.gnu.linkonce.d.*)
 *(.rela.data .rela.data.* .rela.gnu.linkonce.d.*)
 *(.rel.tdata .rel.tdata.* .rel.gnu.linkonce.td.*)
 *(.rela.tdata .rela.tdata.* .rela.gnu.linkonce.td.*)
 *(.rel.tbss .rel.tbss.* .rel.gnu.linkonce.tb.*)
 *(.rela.tbss .rela.tbss.* .rela.gnu.linkonce.tb.*)
 *(.rel.ctors)
 *(.rela.ctors)
 *(.rel.dtors)
 *(.rela.dtors)
 *(.rel.got)
 *(.rela.got)
 *(.rel.sdata .rel.sdata.* .rel.gnu.linkonce.s.*)
 *(.rela.sdata .rela.sdata.* .rela.gnu.linkonce.s.*)
 *(.rel.sbss .rel.sbss.* .rel.gnu.linkonce.sb.*)
 *(.rela.sbss .rela.sbss.* .rela.gnu.linkonce.sb.*)
 *(.rel.sdata2 .rel.sdata2.* .rel.gnu.linkonce.s2.*)
 *(.rela.sdata2 .rela.sdata2.* .rela.gnu.linkonce.s2.*)
 *(.rel.sbss2 .rel.sbss2.* .rel.gnu.linkonce.sb2.*)
 *(.rela.sbss2 .rela.sbss2.* .rela.gnu.linkonce.sb2.*)
 *(.rel.bss .rel.bss.* .rel.gnu.linkonce.b.*)
 *(.rela.bss .rela.bss.* .rela.gnu.linkonce.b.*)
 *(.rel.plt)
 *(.rela.plt)
 *(.rel.dyn)
 *(.init)
 *(.plt)
 *(.text .stub .text.* .gnu.linkonce.t.*)
 .text          0x0000000000004020       0x3c /home/pokitoz/Desktop/DE0_SoC_LedRing/sw/nios/application/Display_Segment_bsp//obj/HAL/src/crt0.o
                0x0000000000004020                _start
 .text          0x000000000000405c        0x0 obj/default/hello_world_small.o
 .text.startup  0x000000000000405c       0x18 obj/default/hello_world_small.o
                0x000000000000405c                main
 .text          0x0000000000004074       0xf8 /home/pokitoz/Desktop/DE0_SoC_LedRing/sw/nios/application/Display_Segment_bsp//libhal_bsp.a(alt_load.o)
                0x0000000000004074                alt_load
 .text          0x000000000000416c       0x2c /home/pokitoz/Desktop/DE0_SoC_LedRing/sw/nios/application/Display_Segment_bsp//libhal_bsp.a(alt_main.o)
                0x000000000000416c                alt_main
 .text          0x0000000000004198       0x38 /home/pokitoz/Desktop/DE0_SoC_LedRing/sw/nios/application/Display_Segment_bsp//libhal_bsp.a(alt_putstr.o)
                0x0000000000004198                alt_putstr
 .text          0x00000000000041d0       0x24 /home/pokitoz/Desktop/DE0_SoC_LedRing/sw/nios/application/Display_Segment_bsp//libhal_bsp.a(alt_sys_init.o)
                0x00000000000041d0                alt_irq_init
                0x00000000000041f0                alt_sys_init
 .text          0x00000000000041f4       0x34 /home/pokitoz/Desktop/DE0_SoC_LedRing/sw/nios/application/Display_Segment_bsp//libhal_bsp.a(altera_avalon_jtag_uart_write.o)
                0x00000000000041f4                altera_avalon_jtag_uart_write
 .text          0x0000000000004228        0x4 /home/pokitoz/Desktop/DE0_SoC_LedRing/sw/nios/application/Display_Segment_bsp//libhal_bsp.a(alt_dcache_flush_all.o)
                0x0000000000004228                alt_dcache_flush_all
 .text          0x000000000000422c        0x4 /home/pokitoz/Desktop/DE0_SoC_LedRing/sw/nios/application/Display_Segment_bsp//libhal_bsp.a(alt_icache_flush_all.o)
                0x000000000000422c                alt_icache_flush_all
 .text          0x0000000000004230        0x8 /home/pokitoz/Desktop/DE0_SoC_LedRing/sw/nios/application/Display_Segment_bsp//libhal_bsp.a(altera_nios2_gen2_irq.o)
                0x0000000000004230                altera_nios2_gen2_irq_init
 .text          0x0000000000004238        0x0 /home/pokitoz/altera/15.1/nios2eds/bin/gnu/H-x86_64-pc-linux-gnu/bin/../lib/gcc/nios2-elf/4.9.2/../../../../../H-x86_64-pc-linux-gnu/nios2-elf/lib/mno-hw-mul/libsmallc.a(lib_a-strlen.o)
 .text.strlen   0x0000000000004238       0x1c /home/pokitoz/altera/15.1/nios2eds/bin/gnu/H-x86_64-pc-linux-gnu/bin/../lib/gcc/nios2-elf/4.9.2/../../../../../H-x86_64-pc-linux-gnu/nios2-elf/lib/mno-hw-mul/libsmallc.a(lib_a-strlen.o)
                0x0000000000004238                strlen
 *(.gnu.warning.*)
 *(.fini)
                0x0000000000004254                PROVIDE (__etext, ABSOLUTE (.))
                0x0000000000004254                PROVIDE (_etext, ABSOLUTE (.))
                0x0000000000004254                PROVIDE (etext, ABSOLUTE (.))
 *(.eh_frame_hdr)
                0x0000000000004254                . = ALIGN (0x4)
                0x0000000000004254                PROVIDE (__preinit_array_start, ABSOLUTE (.))
 *(.preinit_array)
                0x0000000000004254                PROVIDE (__preinit_array_end, ABSOLUTE (.))
                0x0000000000004254                PROVIDE (__init_array_start, ABSOLUTE (.))
 *(.init_array)
                0x0000000000004254                PROVIDE (__init_array_end, ABSOLUTE (.))
                0x0000000000004254                PROVIDE (__fini_array_start, ABSOLUTE (.))
 *(.fini_array)
                0x0000000000004254                PROVIDE (__fini_array_end, ABSOLUTE (.))
 *(.eh_frame)
 *(.gcc_except_table .gcc_except_table.*)
 *(.dynamic)
                0x0000000000004254                PROVIDE (__CTOR_LIST__, ABSOLUTE (.))
 *(.ctors)
 *(SORT(.ctors.*))
                0x0000000000004254                PROVIDE (__CTOR_END__, ABSOLUTE (.))
                0x0000000000004254                PROVIDE (__DTOR_LIST__, ABSOLUTE (.))
 *(.dtors)
 *(SORT(.dtors.*))
                0x0000000000004254                PROVIDE (__DTOR_END__, ABSOLUTE (.))
 *(.jcr)
                0x0000000000004254                . = ALIGN (0x4)

.rodata         0x0000000000004254       0x18
                0x0000000000004254                PROVIDE (__ram_rodata_start, ABSOLUTE (.))
                0x0000000000004254                . = ALIGN (0x4)
 *(.rodata .rodata.* .gnu.linkonce.r.*)
 .rodata.str1.4
                0x0000000000004254       0x18 obj/default/hello_world_small.o
 *(.rodata1)
                0x000000000000426c                . = ALIGN (0x4)
                0x000000000000426c                PROVIDE (__ram_rodata_end, ABSOLUTE (.))
                0x0000000000004254                PROVIDE (__flash_rodata_start, LOADADDR (.rodata))

.rwdata         0x000000000000426c        0x4 load address 0x0000000000004270
                0x000000000000426c                PROVIDE (__ram_rwdata_start, ABSOLUTE (.))
                0x000000000000426c                . = ALIGN (0x4)
 *(.got.plt)
 *(.got)
 *(.data1)
 *(.data .data.* .gnu.linkonce.d.*)
 .data          0x000000000000426c        0x0 /home/pokitoz/Desktop/DE0_SoC_LedRing/sw/nios/application/Display_Segment_bsp//obj/HAL/src/crt0.o
 .data          0x000000000000426c        0x0 obj/default/hello_world_small.o
 .data          0x000000000000426c        0x0 /home/pokitoz/Desktop/DE0_SoC_LedRing/sw/nios/application/Display_Segment_bsp//libhal_bsp.a(alt_load.o)
 .data          0x000000000000426c        0x0 /home/pokitoz/Desktop/DE0_SoC_LedRing/sw/nios/application/Display_Segment_bsp//libhal_bsp.a(alt_main.o)
 .data          0x000000000000426c        0x0 /home/pokitoz/Desktop/DE0_SoC_LedRing/sw/nios/application/Display_Segment_bsp//libhal_bsp.a(alt_putstr.o)
 .data          0x000000000000426c        0x0 /home/pokitoz/Desktop/DE0_SoC_LedRing/sw/nios/application/Display_Segment_bsp//libhal_bsp.a(alt_sys_init.o)
 .data          0x000000000000426c        0x0 /home/pokitoz/Desktop/DE0_SoC_LedRing/sw/nios/application/Display_Segment_bsp//libhal_bsp.a(altera_avalon_jtag_uart_write.o)
 .data          0x000000000000426c        0x0 /home/pokitoz/Desktop/DE0_SoC_LedRing/sw/nios/application/Display_Segment_bsp//libhal_bsp.a(alt_dcache_flush_all.o)
 .data          0x000000000000426c        0x0 /home/pokitoz/Desktop/DE0_SoC_LedRing/sw/nios/application/Display_Segment_bsp//libhal_bsp.a(alt_icache_flush_all.o)
 .data          0x000000000000426c        0x0 /home/pokitoz/Desktop/DE0_SoC_LedRing/sw/nios/application/Display_Segment_bsp//libhal_bsp.a(altera_nios2_gen2_irq.o)
 .data          0x000000000000426c        0x0 /home/pokitoz/altera/15.1/nios2eds/bin/gnu/H-x86_64-pc-linux-gnu/bin/../lib/gcc/nios2-elf/4.9.2/../../../../../H-x86_64-pc-linux-gnu/nios2-elf/lib/mno-hw-mul/libsmallc.a(lib_a-strlen.o)
                0x000000000000c26c                _gp = ABSOLUTE ((. + 0x8000))
                0x000000000000c26c                PROVIDE (gp, _gp)
 *(.rwdata .rwdata.*)
 *(.sdata .sdata.* .gnu.linkonce.s.*)
 .sdata         0x000000000000426c        0x4 /home/pokitoz/Desktop/DE0_SoC_LedRing/sw/nios/application/Display_Segment_bsp//libhal_bsp.a(alt_sys_init.o)
                0x000000000000426c                jtag_uart_0
 *(.sdata2 .sdata2.* .gnu.linkonce.s2.*)
                0x0000000000004270                . = ALIGN (0x4)
                0x0000000000004270                _edata = ABSOLUTE (.)
                0x0000000000004270                PROVIDE (edata, ABSOLUTE (.))
                0x0000000000004270                PROVIDE (__ram_rwdata_end, ABSOLUTE (.))
                0x0000000000004270                PROVIDE (__flash_rwdata_start, LOADADDR (.rwdata))

.bss            0x0000000000004274        0xc
                0x0000000000004274                __bss_start = ABSOLUTE (.)
                0x0000000000004274                PROVIDE (__sbss_start, ABSOLUTE (.))
                0x0000000000004274                PROVIDE (___sbss_start, ABSOLUTE (.))
 *(.dynsbss)
 *(.sbss .sbss.* .gnu.linkonce.sb.*)
 .sbss          0x0000000000004274        0xc /home/pokitoz/Desktop/DE0_SoC_LedRing/sw/nios/application/Display_Segment_bsp//libhal_bsp.a(alt_main.o)
                0x0000000000004274                alt_envp
                0x0000000000004278                alt_argv
                0x000000000000427c                alt_argc
 *(.sbss2 .sbss2.* .gnu.linkonce.sb2.*)
 *(.scommon)
                0x0000000000004280                PROVIDE (__sbss_end, ABSOLUTE (.))
                0x0000000000004280                PROVIDE (___sbss_end, ABSOLUTE (.))
 *(.dynbss)
 *(.bss .bss.* .gnu.linkonce.b.*)
 .bss           0x0000000000004280        0x0 /home/pokitoz/Desktop/DE0_SoC_LedRing/sw/nios/application/Display_Segment_bsp//obj/HAL/src/crt0.o
 .bss           0x0000000000004280        0x0 obj/default/hello_world_small.o
 .bss           0x0000000000004280        0x0 /home/pokitoz/Desktop/DE0_SoC_LedRing/sw/nios/application/Display_Segment_bsp//libhal_bsp.a(alt_load.o)
 .bss           0x0000000000004280        0x0 /home/pokitoz/Desktop/DE0_SoC_LedRing/sw/nios/application/Display_Segment_bsp//libhal_bsp.a(alt_main.o)
 .bss           0x0000000000004280        0x0 /home/pokitoz/Desktop/DE0_SoC_LedRing/sw/nios/application/Display_Segment_bsp//libhal_bsp.a(alt_putstr.o)
 .bss           0x0000000000004280        0x0 /home/pokitoz/Desktop/DE0_SoC_LedRing/sw/nios/application/Display_Segment_bsp//libhal_bsp.a(alt_sys_init.o)
 .bss           0x0000000000004280        0x0 /home/pokitoz/Desktop/DE0_SoC_LedRing/sw/nios/application/Display_Segment_bsp//libhal_bsp.a(altera_avalon_jtag_uart_write.o)
 .bss           0x0000000000004280        0x0 /home/pokitoz/Desktop/DE0_SoC_LedRing/sw/nios/application/Display_Segment_bsp//libhal_bsp.a(alt_dcache_flush_all.o)
 .bss           0x0000000000004280        0x0 /home/pokitoz/Desktop/DE0_SoC_LedRing/sw/nios/application/Display_Segment_bsp//libhal_bsp.a(alt_icache_flush_all.o)
 .bss           0x0000000000004280        0x0 /home/pokitoz/Desktop/DE0_SoC_LedRing/sw/nios/application/Display_Segment_bsp//libhal_bsp.a(altera_nios2_gen2_irq.o)
 .bss           0x0000000000004280        0x0 /home/pokitoz/altera/15.1/nios2eds/bin/gnu/H-x86_64-pc-linux-gnu/bin/../lib/gcc/nios2-elf/4.9.2/../../../../../H-x86_64-pc-linux-gnu/nios2-elf/lib/mno-hw-mul/libsmallc.a(lib_a-strlen.o)
 *(COMMON)
                0x0000000000004280                . = ALIGN (0x4)
                0x0000000000004280                __bss_end = ABSOLUTE (.)

.onchip_memory2_0
                0x0000000000004280        0x0
                0x0000000000004280                PROVIDE (_alt_partition_onchip_memory2_0_start, ABSOLUTE (.))
 *(.onchip_memory2_0 .onchip_memory2_0. onchip_memory2_0.*)
                0x0000000000004280                . = ALIGN (0x4)
                0x0000000000004280                PROVIDE (_alt_partition_onchip_memory2_0_end, ABSOLUTE (.))
                0x0000000000004280                _end = ABSOLUTE (.)
                0x0000000000004280                end = ABSOLUTE (.)
                0x0000000000004280                __alt_stack_base = ABSOLUTE (.)
                0x0000000000004280                PROVIDE (_alt_partition_onchip_memory2_0_load_addr, LOADADDR (.onchip_memory2_0))

.stab
 *(.stab)

.stabstr
 *(.stabstr)

.stab.excl
 *(.stab.excl)

.stab.exclstr
 *(.stab.exclstr)

.stab.index
 *(.stab.index)

.stab.indexstr
 *(.stab.indexstr)

.comment        0x0000000000000000       0x23
 *(.comment)
 .comment       0x0000000000000000       0x23 obj/default/hello_world_small.o
                                         0x24 (size before relaxing)
 .comment       0x0000000000000000       0x24 /home/pokitoz/Desktop/DE0_SoC_LedRing/sw/nios/application/Display_Segment_bsp//libhal_bsp.a(alt_load.o)
 .comment       0x0000000000000000       0x24 /home/pokitoz/Desktop/DE0_SoC_LedRing/sw/nios/application/Display_Segment_bsp//libhal_bsp.a(alt_main.o)
 .comment       0x0000000000000000       0x24 /home/pokitoz/Desktop/DE0_SoC_LedRing/sw/nios/application/Display_Segment_bsp//libhal_bsp.a(alt_putstr.o)
 .comment       0x0000000000000000       0x24 /home/pokitoz/Desktop/DE0_SoC_LedRing/sw/nios/application/Display_Segment_bsp//libhal_bsp.a(alt_sys_init.o)
 .comment       0x0000000000000000       0x24 /home/pokitoz/Desktop/DE0_SoC_LedRing/sw/nios/application/Display_Segment_bsp//libhal_bsp.a(altera_avalon_jtag_uart_write.o)
 .comment       0x0000000000000000       0x24 /home/pokitoz/Desktop/DE0_SoC_LedRing/sw/nios/application/Display_Segment_bsp//libhal_bsp.a(alt_dcache_flush_all.o)
 .comment       0x0000000000000000       0x24 /home/pokitoz/Desktop/DE0_SoC_LedRing/sw/nios/application/Display_Segment_bsp//libhal_bsp.a(alt_icache_flush_all.o)
 .comment       0x0000000000000000       0x24 /home/pokitoz/Desktop/DE0_SoC_LedRing/sw/nios/application/Display_Segment_bsp//libhal_bsp.a(altera_nios2_gen2_irq.o)
 .comment       0x0000000000000000       0x24 /home/pokitoz/altera/15.1/nios2eds/bin/gnu/H-x86_64-pc-linux-gnu/bin/../lib/gcc/nios2-elf/4.9.2/../../../../../H-x86_64-pc-linux-gnu/nios2-elf/lib/mno-hw-mul/libsmallc.a(lib_a-strlen.o)

.debug
 *(.debug)

.line
 *(.line)

.debug_srcinfo
 *(.debug_srcinfo)

.debug_sfnames
 *(.debug_sfnames)

.debug_aranges  0x0000000000000000      0x168
 *(.debug_aranges)
 .debug_aranges
                0x0000000000000000       0x28 /home/pokitoz/Desktop/DE0_SoC_LedRing/sw/nios/application/Display_Segment_bsp//obj/HAL/src/crt0.o
 .debug_aranges
                0x0000000000000028       0x20 obj/default/hello_world_small.o
 .debug_aranges
                0x0000000000000048       0x20 /home/pokitoz/Desktop/DE0_SoC_LedRing/sw/nios/application/Display_Segment_bsp//libhal_bsp.a(alt_load.o)
 .debug_aranges
                0x0000000000000068       0x20 /home/pokitoz/Desktop/DE0_SoC_LedRing/sw/nios/application/Display_Segment_bsp//libhal_bsp.a(alt_main.o)
 .debug_aranges
                0x0000000000000088       0x20 /home/pokitoz/Desktop/DE0_SoC_LedRing/sw/nios/application/Display_Segment_bsp//libhal_bsp.a(alt_putstr.o)
 .debug_aranges
                0x00000000000000a8       0x20 /home/pokitoz/Desktop/DE0_SoC_LedRing/sw/nios/application/Display_Segment_bsp//libhal_bsp.a(alt_sys_init.o)
 .debug_aranges
                0x00000000000000c8       0x20 /home/pokitoz/Desktop/DE0_SoC_LedRing/sw/nios/application/Display_Segment_bsp//libhal_bsp.a(altera_avalon_jtag_uart_write.o)
 .debug_aranges
                0x00000000000000e8       0x20 /home/pokitoz/Desktop/DE0_SoC_LedRing/sw/nios/application/Display_Segment_bsp//libhal_bsp.a(alt_dcache_flush_all.o)
 .debug_aranges
                0x0000000000000108       0x20 /home/pokitoz/Desktop/DE0_SoC_LedRing/sw/nios/application/Display_Segment_bsp//libhal_bsp.a(alt_icache_flush_all.o)
 .debug_aranges
                0x0000000000000128       0x20 /home/pokitoz/Desktop/DE0_SoC_LedRing/sw/nios/application/Display_Segment_bsp//libhal_bsp.a(altera_nios2_gen2_irq.o)
 .debug_aranges
                0x0000000000000148       0x20 /home/pokitoz/altera/15.1/nios2eds/bin/gnu/H-x86_64-pc-linux-gnu/bin/../lib/gcc/nios2-elf/4.9.2/../../../../../H-x86_64-pc-linux-gnu/nios2-elf/lib/mno-hw-mul/libsmallc.a(lib_a-strlen.o)

.debug_pubnames
 *(.debug_pubnames)

.debug_info     0x0000000000000000      0xb02
 *(.debug_info .gnu.linkonce.wi.*)
 .debug_info    0x0000000000000000       0x82 /home/pokitoz/Desktop/DE0_SoC_LedRing/sw/nios/application/Display_Segment_bsp//obj/HAL/src/crt0.o
 .debug_info    0x0000000000000082       0x81 obj/default/hello_world_small.o
 .debug_info    0x0000000000000103      0x1ba /home/pokitoz/Desktop/DE0_SoC_LedRing/sw/nios/application/Display_Segment_bsp//libhal_bsp.a(alt_load.o)
 .debug_info    0x00000000000002bd      0x17b /home/pokitoz/Desktop/DE0_SoC_LedRing/sw/nios/application/Display_Segment_bsp//libhal_bsp.a(alt_main.o)
 .debug_info    0x0000000000000438      0x15d /home/pokitoz/Desktop/DE0_SoC_LedRing/sw/nios/application/Display_Segment_bsp//libhal_bsp.a(alt_putstr.o)
 .debug_info    0x0000000000000595      0x17a /home/pokitoz/Desktop/DE0_SoC_LedRing/sw/nios/application/Display_Segment_bsp//libhal_bsp.a(alt_sys_init.o)
 .debug_info    0x000000000000070f      0x190 /home/pokitoz/Desktop/DE0_SoC_LedRing/sw/nios/application/Display_Segment_bsp//libhal_bsp.a(altera_avalon_jtag_uart_write.o)
 .debug_info    0x000000000000089f       0x8b /home/pokitoz/Desktop/DE0_SoC_LedRing/sw/nios/application/Display_Segment_bsp//libhal_bsp.a(alt_dcache_flush_all.o)
 .debug_info    0x000000000000092a       0x8b /home/pokitoz/Desktop/DE0_SoC_LedRing/sw/nios/application/Display_Segment_bsp//libhal_bsp.a(alt_icache_flush_all.o)
 .debug_info    0x00000000000009b5       0x8b /home/pokitoz/Desktop/DE0_SoC_LedRing/sw/nios/application/Display_Segment_bsp//libhal_bsp.a(altera_nios2_gen2_irq.o)
 .debug_info    0x0000000000000a40       0xc2 /home/pokitoz/altera/15.1/nios2eds/bin/gnu/H-x86_64-pc-linux-gnu/bin/../lib/gcc/nios2-elf/4.9.2/../../../../../H-x86_64-pc-linux-gnu/nios2-elf/lib/mno-hw-mul/libsmallc.a(lib_a-strlen.o)

.debug_abbrev   0x0000000000000000      0x694
 *(.debug_abbrev)
 .debug_abbrev  0x0000000000000000       0x12 /home/pokitoz/Desktop/DE0_SoC_LedRing/sw/nios/application/Display_Segment_bsp//obj/HAL/src/crt0.o
 .debug_abbrev  0x0000000000000012       0x87 obj/default/hello_world_small.o
 .debug_abbrev  0x0000000000000099       0xd8 /home/pokitoz/Desktop/DE0_SoC_LedRing/sw/nios/application/Display_Segment_bsp//libhal_bsp.a(alt_load.o)
 .debug_abbrev  0x0000000000000171      0x120 /home/pokitoz/Desktop/DE0_SoC_LedRing/sw/nios/application/Display_Segment_bsp//libhal_bsp.a(alt_main.o)
 .debug_abbrev  0x0000000000000291       0xe2 /home/pokitoz/Desktop/DE0_SoC_LedRing/sw/nios/application/Display_Segment_bsp//libhal_bsp.a(alt_putstr.o)
 .debug_abbrev  0x0000000000000373      0x107 /home/pokitoz/Desktop/DE0_SoC_LedRing/sw/nios/application/Display_Segment_bsp//libhal_bsp.a(alt_sys_init.o)
 .debug_abbrev  0x000000000000047a       0xd5 /home/pokitoz/Desktop/DE0_SoC_LedRing/sw/nios/application/Display_Segment_bsp//libhal_bsp.a(altera_avalon_jtag_uart_write.o)
 .debug_abbrev  0x000000000000054f       0x42 /home/pokitoz/Desktop/DE0_SoC_LedRing/sw/nios/application/Display_Segment_bsp//libhal_bsp.a(alt_dcache_flush_all.o)
 .debug_abbrev  0x0000000000000591       0x42 /home/pokitoz/Desktop/DE0_SoC_LedRing/sw/nios/application/Display_Segment_bsp//libhal_bsp.a(alt_icache_flush_all.o)
 .debug_abbrev  0x00000000000005d3       0x42 /home/pokitoz/Desktop/DE0_SoC_LedRing/sw/nios/application/Display_Segment_bsp//libhal_bsp.a(altera_nios2_gen2_irq.o)
 .debug_abbrev  0x0000000000000615       0x7f /home/pokitoz/altera/15.1/nios2eds/bin/gnu/H-x86_64-pc-linux-gnu/bin/../lib/gcc/nios2-elf/4.9.2/../../../../../H-x86_64-pc-linux-gnu/nios2-elf/lib/mno-hw-mul/libsmallc.a(lib_a-strlen.o)

.debug_line     0x0000000000000000      0x7cf
 *(.debug_line)
 .debug_line    0x0000000000000000       0x66 /home/pokitoz/Desktop/DE0_SoC_LedRing/sw/nios/application/Display_Segment_bsp//obj/HAL/src/crt0.o
 .debug_line    0x0000000000000066       0xb8 obj/default/hello_world_small.o
 .debug_line    0x000000000000011e       0xa6 /home/pokitoz/Desktop/DE0_SoC_LedRing/sw/nios/application/Display_Segment_bsp//libhal_bsp.a(alt_load.o)
 .debug_line    0x00000000000001c4       0xbd /home/pokitoz/Desktop/DE0_SoC_LedRing/sw/nios/application/Display_Segment_bsp//libhal_bsp.a(alt_main.o)
 .debug_line    0x0000000000000281      0x115 /home/pokitoz/Desktop/DE0_SoC_LedRing/sw/nios/application/Display_Segment_bsp//libhal_bsp.a(alt_putstr.o)
 .debug_line    0x0000000000000396      0x101 /home/pokitoz/Desktop/DE0_SoC_LedRing/sw/nios/application/Display_Segment_bsp//libhal_bsp.a(alt_sys_init.o)
 .debug_line    0x0000000000000497       0xf0 /home/pokitoz/Desktop/DE0_SoC_LedRing/sw/nios/application/Display_Segment_bsp//libhal_bsp.a(altera_avalon_jtag_uart_write.o)
 .debug_line    0x0000000000000587       0x4e /home/pokitoz/Desktop/DE0_SoC_LedRing/sw/nios/application/Display_Segment_bsp//libhal_bsp.a(alt_dcache_flush_all.o)
 .debug_line    0x00000000000005d5       0x4e /home/pokitoz/Desktop/DE0_SoC_LedRing/sw/nios/application/Display_Segment_bsp//libhal_bsp.a(alt_icache_flush_all.o)
 .debug_line    0x0000000000000623       0x50 /home/pokitoz/Desktop/DE0_SoC_LedRing/sw/nios/application/Display_Segment_bsp//libhal_bsp.a(altera_nios2_gen2_irq.o)
 .debug_line    0x0000000000000673      0x15c /home/pokitoz/altera/15.1/nios2eds/bin/gnu/H-x86_64-pc-linux-gnu/bin/../lib/gcc/nios2-elf/4.9.2/../../../../../H-x86_64-pc-linux-gnu/nios2-elf/lib/mno-hw-mul/libsmallc.a(lib_a-strlen.o)

.debug_frame    0x0000000000000000      0x190
 *(.debug_frame)
 .debug_frame   0x0000000000000000       0x28 obj/default/hello_world_small.o
 .debug_frame   0x0000000000000028       0x30 /home/pokitoz/Desktop/DE0_SoC_LedRing/sw/nios/application/Display_Segment_bsp//libhal_bsp.a(alt_load.o)
 .debug_frame   0x0000000000000058       0x2c /home/pokitoz/Desktop/DE0_SoC_LedRing/sw/nios/application/Display_Segment_bsp//libhal_bsp.a(alt_main.o)
 .debug_frame   0x0000000000000084       0x30 /home/pokitoz/Desktop/DE0_SoC_LedRing/sw/nios/application/Display_Segment_bsp//libhal_bsp.a(alt_putstr.o)
 .debug_frame   0x00000000000000b4       0x3c /home/pokitoz/Desktop/DE0_SoC_LedRing/sw/nios/application/Display_Segment_bsp//libhal_bsp.a(alt_sys_init.o)
 .debug_frame   0x00000000000000f0       0x20 /home/pokitoz/Desktop/DE0_SoC_LedRing/sw/nios/application/Display_Segment_bsp//libhal_bsp.a(altera_avalon_jtag_uart_write.o)
 .debug_frame   0x0000000000000110       0x20 /home/pokitoz/Desktop/DE0_SoC_LedRing/sw/nios/application/Display_Segment_bsp//libhal_bsp.a(alt_dcache_flush_all.o)
 .debug_frame   0x0000000000000130       0x20 /home/pokitoz/Desktop/DE0_SoC_LedRing/sw/nios/application/Display_Segment_bsp//libhal_bsp.a(alt_icache_flush_all.o)
 .debug_frame   0x0000000000000150       0x20 /home/pokitoz/Desktop/DE0_SoC_LedRing/sw/nios/application/Display_Segment_bsp//libhal_bsp.a(altera_nios2_gen2_irq.o)
 .debug_frame   0x0000000000000170       0x20 /home/pokitoz/altera/15.1/nios2eds/bin/gnu/H-x86_64-pc-linux-gnu/bin/../lib/gcc/nios2-elf/4.9.2/../../../../../H-x86_64-pc-linux-gnu/nios2-elf/lib/mno-hw-mul/libsmallc.a(lib_a-strlen.o)

.debug_str      0x0000000000000000      0x5b4
 *(.debug_str)
 .debug_str     0x0000000000000000       0xa1 obj/default/hello_world_small.o
                                         0xab (size before relaxing)
 .debug_str     0x00000000000000a1      0x1c2 /home/pokitoz/Desktop/DE0_SoC_LedRing/sw/nios/application/Display_Segment_bsp//libhal_bsp.a(alt_load.o)
                                        0x233 (size before relaxing)
 .debug_str     0x0000000000000263       0x8f /home/pokitoz/Desktop/DE0_SoC_LedRing/sw/nios/application/Display_Segment_bsp//libhal_bsp.a(alt_main.o)
                                        0x1ac (size before relaxing)
 .debug_str     0x00000000000002f2       0x6d /home/pokitoz/Desktop/DE0_SoC_LedRing/sw/nios/application/Display_Segment_bsp//libhal_bsp.a(alt_putstr.o)
                                        0x190 (size before relaxing)
 .debug_str     0x000000000000035f       0x86 /home/pokitoz/Desktop/DE0_SoC_LedRing/sw/nios/application/Display_Segment_bsp//libhal_bsp.a(alt_sys_init.o)
                                        0x21d (size before relaxing)
 .debug_str     0x00000000000003e5       0x3f /home/pokitoz/Desktop/DE0_SoC_LedRing/sw/nios/application/Display_Segment_bsp//libhal_bsp.a(altera_avalon_jtag_uart_write.o)
                                        0x20c (size before relaxing)
 .debug_str     0x0000000000000424       0x1f /home/pokitoz/Desktop/DE0_SoC_LedRing/sw/nios/application/Display_Segment_bsp//libhal_bsp.a(alt_dcache_flush_all.o)
                                        0x14c (size before relaxing)
 .debug_str     0x0000000000000443       0x1f /home/pokitoz/Desktop/DE0_SoC_LedRing/sw/nios/application/Display_Segment_bsp//libhal_bsp.a(alt_icache_flush_all.o)
                                        0x14c (size before relaxing)
 .debug_str     0x0000000000000462       0x20 /home/pokitoz/Desktop/DE0_SoC_LedRing/sw/nios/application/Display_Segment_bsp//libhal_bsp.a(altera_nios2_gen2_irq.o)
                                        0x153 (size before relaxing)
 .debug_str     0x0000000000000482      0x132 /home/pokitoz/altera/15.1/nios2eds/bin/gnu/H-x86_64-pc-linux-gnu/bin/../lib/gcc/nios2-elf/4.9.2/../../../../../H-x86_64-pc-linux-gnu/nios2-elf/lib/mno-hw-mul/libsmallc.a(lib_a-strlen.o)
                                        0x1d8 (size before relaxing)

.debug_loc      0x0000000000000000      0x101
 *(.debug_loc)
 .debug_loc     0x0000000000000000       0x37 /home/pokitoz/Desktop/DE0_SoC_LedRing/sw/nios/application/Display_Segment_bsp//libhal_bsp.a(alt_putstr.o)
 .debug_loc     0x0000000000000037       0x21 /home/pokitoz/Desktop/DE0_SoC_LedRing/sw/nios/application/Display_Segment_bsp//libhal_bsp.a(alt_sys_init.o)
 .debug_loc     0x0000000000000058       0x8b /home/pokitoz/Desktop/DE0_SoC_LedRing/sw/nios/application/Display_Segment_bsp//libhal_bsp.a(altera_avalon_jtag_uart_write.o)
 .debug_loc     0x00000000000000e3       0x1e /home/pokitoz/altera/15.1/nios2eds/bin/gnu/H-x86_64-pc-linux-gnu/bin/../lib/gcc/nios2-elf/4.9.2/../../../../../H-x86_64-pc-linux-gnu/nios2-elf/lib/mno-hw-mul/libsmallc.a(lib_a-strlen.o)

.debug_macinfo
 *(.debug_macinfo)

.debug_weaknames
 *(.debug_weaknames)

.debug_funcnames
 *(.debug_funcnames)

.debug_typenames
 *(.debug_typenames)

.debug_varnames
 *(.debug_varnames)

.debug_alt_sim_info
                0x0000000000000000       0x10
 *(.debug_alt_sim_info)
 .debug_alt_sim_info
                0x0000000000000000       0x10 /home/pokitoz/Desktop/DE0_SoC_LedRing/sw/nios/application/Display_Segment_bsp//obj/HAL/src/crt0.o
                0x0000000000008000                __alt_data_end = 0x8000
                0x0000000000008000                PROVIDE (__alt_stack_pointer, __alt_data_end)
                0x0000000000004280                PROVIDE (__alt_stack_limit, __alt_stack_base)
                0x0000000000004280                PROVIDE (__alt_heap_start, end)
                0x0000000000008000                PROVIDE (__alt_heap_limit, 0x8000)
OUTPUT(Display_Segment.elf elf32-littlenios2)

.debug_ranges   0x0000000000000000       0x88
 .debug_ranges  0x0000000000000000       0x20 /home/pokitoz/Desktop/DE0_SoC_LedRing/sw/nios/application/Display_Segment_bsp//obj/HAL/src/crt0.o
 .debug_ranges  0x0000000000000020       0x10 obj/default/hello_world_small.o
 .debug_ranges  0x0000000000000030       0x48 /home/pokitoz/Desktop/DE0_SoC_LedRing/sw/nios/application/Display_Segment_bsp//libhal_bsp.a(alt_load.o)
 .debug_ranges  0x0000000000000078       0x10 /home/pokitoz/altera/15.1/nios2eds/bin/gnu/H-x86_64-pc-linux-gnu/bin/../lib/gcc/nios2-elf/4.9.2/../../../../../H-x86_64-pc-linux-gnu/nios2-elf/lib/mno-hw-mul/libsmallc.a(lib_a-strlen.o)
